[www.instagram.com/accounts/password/reset/index.html]
[backblue.gif]
[fade.gif]
[index.html]
[www.instagram.com/static/scripts/webfont.js/c0456c81549b.js]
[www.instagram.com/static/images/ico/apple-touch-icon-76x76-precomposed.png/932e4d9af891.png]
[www.instagram.com/static/images/ico/apple-touch-icon-120x120-precomposed.png/004705c9353f.png]
[www.instagram.com/static/images/ico/apple-touch-icon-152x152-precomposed.png/82467bc9bcce.png]
[www.instagram.com/static/images/ico/apple-touch-icon-167x167-precomposed.png/515cb4eeeeee.png]
[www.instagram.com/static/images/ico/apple-touch-icon-180x180-precomposed.png/94fd767f257b.png]
[www.instagram.com/static/images/ico/favicon-192.png/b407fa101800.png]
[www.instagram.com/static/styles/public/public-main.css/355c90e1c70f.css]
[www.instagram.com/static/scripts/jquery.js/213ba890e802.js]
[www.instagram.com/static/scripts/bluebar.js/57733d51aed5.js]
[www.instagram.com/static/scripts/navigation.js/a98ac49433f4.js]
[www.google.com/recaptcha/api/img/clean/logo.png]
[www.google.com/recaptcha/api/img/clean/refresh.png]
[www.google.com/recaptcha/api/img/clean/audio.png]
[www.google.com/recaptcha/api/img/clean/text.png]
[www.google.com/recaptcha/api/img/clean/help.png]
[www.instagram.com/static/scripts/polyfills/es5-shim.min.js/6514c5e08593.js]
[www.instagram.com/static/scripts/polyfills/es5-sham.min.js/fc3c22cf2d67.js]
[connect.facebook.net/en_US/fbevents.js]
[www.instagram.com/accounts/password/reset/index.html]
[www.instagram.com/static/images/glyphs/arrow-down-small.png/e63eefad276b.png]
[www.instagram.com/static/images/shared/noise-1.png/aae6cb061f08.png]
[www.instagram.com/static/images/shared/shared-assets.png/1e2eddff9a25.png]
[www.instagram.com/static/images/shared/noise-2.png/a8ebea8286c6.png]
[www.instagram.com/static/images/shared/shared-assets@2x.png/896896393814.png]
[www.instagram.com/static/images/alpha/fff_10.png/9823b55df601.png]
[www.instagram.com/static/images/shared/glyph-assets.png/65866ccb7550.png]
[www.instagram.com/static/images/shared/dropdown-arrow.png/4f584371fcde.png]
[www.instagram.com/static/images/bg/white-gradient-300px.png/0fa8165a3b27.png]
[www.instagram.com/static/images/shared/glyph-assets@2x.png/a31074f530b7.png]
[www.instagram.com/static/images/bg/body_split.jpg/4cf78eab2160.jpg]
[www.instagram.com/static/images/bg/blue-noisy.jpg/c8d5bcc4ef0d.jpg]
[www.instagram.com/static/images/bg/white-gradient-light-context-50px.png/42778b73b89b.png]
[www.instagram.com/static/images/shared/nav-shadow.png/a1cc027b10ce.png]
[www.instagram.com/static/images/shared/nav-arrow.png/d71063480e46.png]
[www.instagram.com/static/images/shared/nav-active-arrow.png/fba88afff633.png]
[www.instagram.com/static/images/shared/three-dots.png/54b421c4d294.png]
[www.instagram.com/static/images/glyphs/disclosure-down@2x.png/970bdcaa6ff1.png]
[www.instagram.com/static/images/glyphs/arrow-right.png/064cfd1e1d20.png]
[www.instagram.com/static/images/glyphs/here.png/3077de108079.png]
[www.instagram.com/static/images/shared/nav-arrow@2x.png/87cc4d757203.png]
[www.instagram.com/static/images/glyphs/glyphicons-halflings.png/531d4b607365.png]
[www.instagram.com/static/images/glyphs/glyphicons-halflings-white.png/11118ae8db79.png]
[www.instagram.com/static/images/bg/body_noise.png/57bcab2a762d.png]
[www.instagram.com/static/images/badges/badges-header-bg.png/38ef8dfdb791.png]
[www.instagram.com/static/images/badges/badges-header-icons.png/da6e08bf1f4c.png]
[www.instagram.com/static/images/jobs/header-photo.jpg/ff71d11e000b.jpg]
[www.instagram.com/static/images/badges/badges-footer-bg.png/96d1200a1fcb.png]
[www.instagram.com/static/images/badges/badges-glyph.png/f5cfc7c06abd.png]
[www.instagram.com/static/images/badges/badges-header-icons@2x.png/ac15295f7f35.png]
[www.instagram.com/static/styles/public/public-main.css/355c90e1c70f.css]
[connect.facebook.net/en_US/fbevents.js]
[www.instagram.com/static/images/badges/badges-glyph@2x.png/de23d0b083ac.png]
